evaluating derivation 'git+file:///data/data/com.termux.nix/files/home/pick-up-nix2/vendor/nix/cargo2nix#packages.aarch64-linux.default'...
warning: Git tree '/data/data/com.termux.nix/files/home/pick-up-nix2/vendor/nix/cargo2nix' is dirty
evaluating file '/nix/store/4smn1jkffy3v5przl7yc2yj4zvd5dm3d-source/flake.nix'
evaluating file '/nix/store/01x5k4nlxcpyd85nnr0b9gm89rm8ff4x-source/flake.nix'
evaluating file '/nix/store/01x5k4nlxcpyd85nnr0b9gm89rm8ff4x-source/lib.nix'
evaluating file '/nix/store/yj1wxm9hh8610iyzqnz75kvs6xl8j3my-source/flake.nix'
evaluating file '/nix/store/yj1wxm9hh8610iyzqnz75kvs6xl8j3my-source/default.nix'
evaluating file '/nix/store/j3sna6r5nrrqj5b3pslyc520cycfa43m-source/flake.nix'
evaluating file '/nix/store/j3sna6r5nrrqj5b3pslyc520cycfa43m-source/default.nix'
evaluating file '/nix/store/j3sna6r5nrrqj5b3pslyc520cycfa43m-source/lib/minfeatures.nix'
evaluating file '/nix/store/j3sna6r5nrrqj5b3pslyc520cycfa43m-source/pkgs/top-level/impure.nix'
evaluating file '/nix/store/j3sna6r5nrrqj5b3pslyc520cycfa43m-source/pkgs/top-level/default.nix'
evaluating file '/nix/store/j3sna6r5nrrqj5b3pslyc520cycfa43m-source/lib/default.nix'
evaluating file '/nix/store/j3sna6r5nrrqj5b3pslyc520cycfa43m-source/lib/trivial.nix'
evaluating file '/nix/store/j3sna6r5nrrqj5b3pslyc520cycfa43m-source/lib/lists.nix'
evaluating file '/nix/store/4smn1jkffy3v5przl7yc2yj4zvd5dm3d-source/overlay/default.nix'
evaluating file '/nix/store/j3sna6r5nrrqj5b3pslyc520cycfa43m-source/pkgs/stdenv/booter.nix'
evaluating file '/nix/store/j3sna6r5nrrqj5b3pslyc520cycfa43m-source/pkgs/stdenv/default.nix'
evaluating file '/nix/store/j3sna6r5nrrqj5b3pslyc520cycfa43m-source/lib/systems/default.nix'
evaluating file '/nix/store/j3sna6r5nrrqj5b3pslyc520cycfa43m-source/lib/attrsets.nix'
evaluating file '/nix/store/j3sna6r5nrrqj5b3pslyc520cycfa43m-source/lib/systems/inspect.nix'
evaluating file '/nix/store/j3sna6r5nrrqj5b3pslyc520cycfa43m-source/lib/systems/architectures.nix'
evaluating file '/nix/store/j3sna6r5nrrqj5b3pslyc520cycfa43m-source/lib/systems/parse.nix'
evaluating file '/nix/store/j3sna6r5nrrqj5b3pslyc520cycfa43m-source/lib/strings.nix'
evaluating file '/nix/store/j3sna6r5nrrqj5b3pslyc520cycfa43m-source/lib/types.nix'
evaluating file '/nix/store/j3sna6r5nrrqj5b3pslyc520cycfa43m-source/lib/systems/platforms.nix'
evaluating file '/nix/store/j3sna6r5nrrqj5b3pslyc520cycfa43m-source/lib/modules.nix'
evaluating file '/nix/store/j3sna6r5nrrqj5b3pslyc520cycfa43m-source/pkgs/top-level/config.nix'
evaluating file '/nix/store/j3sna6r5nrrqj5b3pslyc520cycfa43m-source/lib/options.nix'
evaluating file '/nix/store/j3sna6r5nrrqj5b3pslyc520cycfa43m-source/pkgs/stdenv/linux/default.nix'
evaluating file '/nix/store/j3sna6r5nrrqj5b3pslyc520cycfa43m-source/pkgs/stdenv/linux/bootstrap-tools/default.nix'
evaluating file '/nix/store/j3sna6r5nrrqj5b3pslyc520cycfa43m-source/pkgs/stdenv/linux/bootstrap-tools/glibc.nix'
evaluating file '/nix/store/j3sna6r5nrrqj5b3pslyc520cycfa43m-source/pkgs/top-level/stage.nix'
evaluating file '/nix/store/j3sna6r5nrrqj5b3pslyc520cycfa43m-source/lib/fixed-points.nix'
evaluating file '/nix/store/j3sna6r5nrrqj5b3pslyc520cycfa43m-source/pkgs/stdenv/adapters.nix'
evaluating file '/nix/store/j3sna6r5nrrqj5b3pslyc520cycfa43m-source/pkgs/build-support/trivial-builders/default.nix'
evaluating file '/nix/store/j3sna6r5nrrqj5b3pslyc520cycfa43m-source/pkgs/top-level/splice.nix'
evaluating file '/nix/store/j3sna6r5nrrqj5b3pslyc520cycfa43m-source/pkgs/top-level/by-name-overlay.nix'
evaluating file '/nix/store/j3sna6r5nrrqj5b3pslyc520cycfa43m-source/pkgs/top-level/all-packages.nix'
evaluating file '/nix/store/j3sna6r5nrrqj5b3pslyc520cycfa43m-source/pkgs/top-level/aliases.nix'
evaluating file '/nix/store/j3sna6r5nrrqj5b3pslyc520cycfa43m-source/pkgs/top-level/variants.nix'
evaluating file '/nix/store/prilmba5b4jmgaxifk8f9y80dr9h8gdf-source/flake.nix'
evaluating file '/nix/store/prilmba5b4jmgaxifk8f9y80dr9h8gdf-source/default.nix'
evaluating file '/nix/store/j3sna6r5nrrqj5b3pslyc520cycfa43m-source/pkgs/stdenv/generic/default.nix'
evaluating file '/nix/store/j3sna6r5nrrqj5b3pslyc520cycfa43m-source/lib/customisation.nix'
evaluating file '/nix/store/j3sna6r5nrrqj5b3pslyc520cycfa43m-source/pkgs/build-support/bintools-wrapper/default.nix'
evaluating file '/nix/store/j3sna6r5nrrqj5b3pslyc520cycfa43m-source/pkgs/stdenv/generic/make-derivation.nix'
evaluating file '/nix/store/j3sna6r5nrrqj5b3pslyc520cycfa43m-source/lib/asserts.nix'
evaluating file '/nix/store/j3sna6r5nrrqj5b3pslyc520cycfa43m-source/pkgs/stdenv/generic/check-meta.nix'
evaluating file '/nix/store/j3sna6r5nrrqj5b3pslyc520cycfa43m-source/pkgs/development/tools/misc/binutils/default.nix'
evaluating file '/nix/store/j3sna6r5nrrqj5b3pslyc520cycfa43m-source/pkgs/servers/x11/xorg/default.nix'
evaluating file '/nix/store/j3sna6r5nrrqj5b3pslyc520cycfa43m-source/pkgs/servers/x11/xorg/overrides.nix'
evaluating file '/nix/store/j3sna6r5nrrqj5b3pslyc520cycfa43m-source/pkgs/build-support/cc-wrapper/default.nix'
evaluating file '/nix/store/j3sna6r5nrrqj5b3pslyc520cycfa43m-source/lib/meta.nix'
copied source '/nix/store/j3sna6r5nrrqj5b3pslyc520cycfa43m-source/pkgs/stdenv/generic/source-stdenv.sh' -> '/nix/store/l622p70vy8k5sh7y5wizi5f2mic6ynpg-source-stdenv.sh'
copied source '/nix/store/j3sna6r5nrrqj5b3pslyc520cycfa43m-source/pkgs/stdenv/generic/default-builder.sh' -> '/nix/store/shkw4qm9qcw5sc5n1k5jznc83ny02r39-default-builder.sh'
copied source '/nix/store/j3sna6r5nrrqj5b3pslyc520cycfa43m-source/pkgs/stdenv/linux/bootstrap-tools/glibc/unpack-bootstrap-tools.sh' -> '/nix/store/i9nx0dp1khrgikqr95ryy2jkigr4c5yv-unpack-bootstrap-tools.sh'
evaluating file '/nix/store/j3sna6r5nrrqj5b3pslyc520cycfa43m-source/pkgs/stdenv/linux/bootstrap-files/aarch64-unknown-linux-gnu.nix'
instantiated 'busybox' -> '/nix/store/kkzdj37qs76c4c78jh78ggk2kwgwbkry-busybox.drv'
instantiated 'bootstrap-tools.tar.xz' -> '/nix/store/0y1j8ip2wdgwwr4hcpzxsxnnd4llnrxj-bootstrap-tools.tar.xz.drv'
instantiated 'bootstrap-tools' -> '/nix/store/8mlaj7pmb6y6pw0m8z2ci0gg17sz7brf-bootstrap-tools.drv'
evaluating file '/nix/store/j3sna6r5nrrqj5b3pslyc520cycfa43m-source/pkgs/build-support/lib/cmake.nix'
evaluating file '/nix/store/j3sna6r5nrrqj5b3pslyc520cycfa43m-source/pkgs/build-support/lib/meson.nix'
copied source '/nix/store/j3sna6r5nrrqj5b3pslyc520cycfa43m-source/pkgs/stdenv/generic/builder.sh' -> '/nix/store/cnss4bmvsa7kjmghgksgcadrxsvkyla1-builder.sh'
copied source '/nix/store/j3sna6r5nrrqj5b3pslyc520cycfa43m-source/pkgs/build-support/setup-hooks/no-broken-symlinks.sh' -> '/nix/store/0y5xmdb7qfvimjwbq7ibg1xdgkgjwqng-no-broken-symlinks.sh'
copied source '/nix/store/j3sna6r5nrrqj5b3pslyc520cycfa43m-source/pkgs/build-support/setup-hooks/audit-tmpdir.sh' -> '/nix/store/cv1d7p48379km6a85h4zp6kr86brh32q-audit-tmpdir.sh'
copied source '/nix/store/j3sna6r5nrrqj5b3pslyc520cycfa43m-source/pkgs/build-support/setup-hooks/compress-man-pages.sh' -> '/nix/store/85clx3b0xkdf58jn161iy80y5223ilbi-compress-man-pages.sh'
copied source '/nix/store/j3sna6r5nrrqj5b3pslyc520cycfa43m-source/pkgs/build-support/setup-hooks/make-symlinks-relative.sh' -> '/nix/store/wgrbkkaldkrlrni33ccvm3b6vbxzb656-make-symlinks-relative.sh'
copied source '/nix/store/j3sna6r5nrrqj5b3pslyc520cycfa43m-source/pkgs/build-support/setup-hooks/move-docs.sh' -> '/nix/store/5yzw0vhkyszf2d179m0qfkgxmp5wjjx4-move-docs.sh'
copied source '/nix/store/j3sna6r5nrrqj5b3pslyc520cycfa43m-source/pkgs/build-support/setup-hooks/move-lib64.sh' -> '/nix/store/fyaryjvghbkpfnsyw97hb3lyb37s1pd6-move-lib64.sh'
copied source '/nix/store/j3sna6r5nrrqj5b3pslyc520cycfa43m-source/pkgs/build-support/setup-hooks/move-sbin.sh' -> '/nix/store/kd4xwxjpjxi71jkm6ka0np72if9rm3y0-move-sbin.sh'
copied source '/nix/store/j3sna6r5nrrqj5b3pslyc520cycfa43m-source/pkgs/build-support/setup-hooks/move-systemd-user-units.sh' -> '/nix/store/pag6l61paj1dc9sv15l7bm5c17xn5kyk-move-systemd-user-units.sh'
copied source '/nix/store/j3sna6r5nrrqj5b3pslyc520cycfa43m-source/pkgs/build-support/setup-hooks/multiple-outputs.sh' -> '/nix/store/cmzya9irvxzlkh7lfy6i82gbp0saxqj3-multiple-outputs.sh'
copied source '/nix/store/j3sna6r5nrrqj5b3pslyc520cycfa43m-source/pkgs/build-support/setup-hooks/patch-shebangs.sh' -> '/nix/store/x8c40nfigps493a07sdr2pm5s9j1cdc0-patch-shebangs.sh'
copied source '/nix/store/j3sna6r5nrrqj5b3pslyc520cycfa43m-source/pkgs/build-support/setup-hooks/prune-libtool-files.sh' -> '/nix/store/cickvswrvann041nqxb0rxilc46svw1n-prune-libtool-files.sh'
copied source '/nix/store/j3sna6r5nrrqj5b3pslyc520cycfa43m-source/pkgs/build-support/setup-hooks/reproducible-builds.sh' -> '/nix/store/xyff06pkhki3qy1ls77w10s0v79c9il0-reproducible-builds.sh'
copied source '/nix/store/j3sna6r5nrrqj5b3pslyc520cycfa43m-source/pkgs/build-support/setup-hooks/set-source-date-epoch-to-latest.sh' -> '/nix/store/z7k98578dfzi6l3hsvbivzm7hfqlk0zc-set-source-date-epoch-to-latest.sh'
copied source '/nix/store/j3sna6r5nrrqj5b3pslyc520cycfa43m-source/pkgs/build-support/setup-hooks/strip.sh' -> '/nix/store/pilsssjjdxvdphlg2h19p0bfx5q0jzkn-strip.sh'
copied source '/nix/store/j3sna6r5nrrqj5b3pslyc520cycfa43m-source/pkgs/stdenv/generic/setup.sh' -> '/nix/store/qz36dkinx4pg0p2ry7dzj66s469awic2-setup.sh'
instantiated 'bootstrap-stage0-stdenv-linux' -> '/nix/store/1mlz42ig29fh60jigqf72szzrzk9mcnm-bootstrap-stage0-stdenv-linux.drv'
instantiated 'bootstrap-stage0-glibc-bootstrapFiles' -> '/nix/store/nz75xj96crphd3v1bqkil8wqifqa71ng-bootstrap-stage0-glibc-bootstrapFiles.drv'
evaluating file '/nix/store/j3sna6r5nrrqj5b3pslyc520cycfa43m-source/pkgs/development/tools/misc/patchelf/default.nix'
evaluating file '/nix/store/j3sna6r5nrrqj5b3pslyc520cycfa43m-source/pkgs/development/compilers/gcc/all.nix'
evaluating file '/nix/store/j3sna6r5nrrqj5b3pslyc520cycfa43m-source/pkgs/development/compilers/gcc/versions.nix'
evaluating file '/nix/store/j3sna6r5nrrqj5b3pslyc520cycfa43m-source/pkgs/development/compilers/gcc/default.nix'
evaluating file '/nix/store/j3sna6r5nrrqj5b3pslyc520cycfa43m-source/pkgs/development/compilers/gcc/common/libgcc.nix'
evaluating file '/nix/store/j3sna6r5nrrqj5b3pslyc520cycfa43m-source/pkgs/development/compilers/gcc/common/builder.nix'
evaluating file '/nix/store/j3sna6r5nrrqj5b3pslyc520cycfa43m-source/pkgs/development/compilers/gcc/common/meta.nix'
evaluating file '/nix/store/j3sna6r5nrrqj5b3pslyc520cycfa43m-source/pkgs/development/compilers/gcc/common/checksum.nix'
evaluating file '/nix/store/j3sna6r5nrrqj5b3pslyc520cycfa43m-source/pkgs/development/libraries/glibc/default.nix'
evaluating file '/nix/store/j3sna6r5nrrqj5b3pslyc520cycfa43m-source/pkgs/development/libraries/glibc/common.nix'
evaluating file '/nix/store/j3sna6r5nrrqj5b3pslyc520cycfa43m-source/pkgs/os-specific/linux/kernel-headers/default.nix'
evaluating file '/nix/store/j3sna6r5nrrqj5b3pslyc520cycfa43m-source/pkgs/development/libraries/gmp/6.x.nix'
evaluating file '/nix/store/j3sna6r5nrrqj5b3pslyc520cycfa43m-source/pkgs/development/libraries/isl/0.20.0.nix'
evaluating file '/nix/store/j3sna6r5nrrqj5b3pslyc520cycfa43m-source/pkgs/development/libraries/isl/generic.nix'
evaluating file '/nix/store/j3sna6r5nrrqj5b3pslyc520cycfa43m-source/pkgs/by-name/li/libmpc/package.nix'
evaluating file '/nix/store/j3sna6r5nrrqj5b3pslyc520cycfa43m-source/pkgs/by-name/mp/mpfr/package.nix'
evaluating file '/nix/store/j3sna6r5nrrqj5b3pslyc520cycfa43m-source/lib/licenses.nix'
evaluating file '/nix/store/j3sna6r5nrrqj5b3pslyc520cycfa43m-source/lib/systems/doubles.nix'
evaluating file '/nix/store/j3sna6r5nrrqj5b3pslyc520cycfa43m-source/maintainers/team-list.nix'
evaluating file '/nix/store/j3sna6r5nrrqj5b3pslyc520cycfa43m-source/pkgs/development/libraries/zlib/default.nix'
evaluating file '/nix/store/j3sna6r5nrrqj5b3pslyc520cycfa43m-source/pkgs/build-support/fetchurl/boot.nix'
instantiated 'zlib-1.3.1.tar.gz' -> '/nix/store/gyks6vvl7x0gq214ldjhi3w4rg37nh8i-zlib-1.3.1.tar.gz.drv'
copied source '/nix/store/j3sna6r5nrrqj5b3pslyc520cycfa43m-source/pkgs/build-support/setup-hooks/update-autotools-gnu-config-scripts.sh' -> '/nix/store/96rvfw5vlv1hwwm9sdxhdkkpjyym6p2x-update-autotools-gnu-config-scripts.sh'
evaluating file '/nix/store/j3sna6r5nrrqj5b3pslyc520cycfa43m-source/pkgs/by-name/gn/gnu-config/package.nix'
instantiated 'config.guess-948ae97' -> '/nix/store/bamwxswxacs3cjdcydv0z7bj22d7g2kc-config.guess-948ae97.drv'
instantiated 'config.sub-948ae97' -> '/nix/store/nbsdqpfzh1jlpmh95s69b3iivfcvv3lh-config.sub-948ae97.drv'
instantiated 'gnu-config-2024-01-01' -> '/nix/store/agcbrckv8s036cih0yrql9kj01dvan5m-gnu-config-2024-01-01.drv'
instantiated 'bootstrap-stage0-stdenv-linux' -> '/nix/store/1mlz42ig29fh60jigqf72szzrzk9mcnm-bootstrap-stage0-stdenv-linux.drv'
instantiated 'update-autotools-gnu-config-scripts-hook' -> '/nix/store/5kqk5syf4yywmlfqfngqpmx0zd43zqb8-update-autotools-gnu-config-scripts-hook.drv'
copied source '/nix/store/j3sna6r5nrrqj5b3pslyc520cycfa43m-source/pkgs/build-support/bintools-wrapper/ld-wrapper.sh' -> '/nix/store/rap0pbdq6h9jmabwlpa19c4ynnfcccqp-ld-wrapper.sh'
copied source '/nix/store/j3sna6r5nrrqj5b3pslyc520cycfa43m-source/pkgs/build-support/bintools-wrapper/gnu-binutils-strip-wrapper.sh' -> '/nix/store/m9qvr6m0bylrjqb5ind6hfzsax14xys9-gnu-binutils-strip-wrapper.sh'
copied source '/nix/store/j3sna6r5nrrqj5b3pslyc520cycfa43m-source/pkgs/build-support/bintools-wrapper/add-flags.sh' -> '/nix/store/mrzpfh0ml9k07sw019ydagbb2z1q4sxz-add-flags.sh'
copied source '/nix/store/j3sna6r5nrrqj5b3pslyc520cycfa43m-source/pkgs/build-support/bintools-wrapper/add-hardening.sh' -> '/nix/store/9rq2ab2wl3ia1ism6zjvdxcnpv9s9rgn-add-hardening.sh'
copied source '/nix/store/j3sna6r5nrrqj5b3pslyc520cycfa43m-source/pkgs/build-support/wrapper-common/utils.bash' -> '/nix/store/6b9v7v02npab086yaba2j4yfqrph5mgp-utils.bash'
copied source '/nix/store/j3sna6r5nrrqj5b3pslyc520cycfa43m-source/pkgs/build-support/wrapper-common/darwin-sdk-setup.bash' -> '/nix/store/6xizqkp4bnhydwc7ihyqi93171gbj5n4-darwin-sdk-setup.bash'
copied source '/nix/store/j3sna6r5nrrqj5b3pslyc520cycfa43m-source/pkgs/build-support/setup-hooks/role.bash' -> '/nix/store/v9034cqc4h5bm10z4vz3n1q2n55grv5y-role.bash'
copied source '/nix/store/j3sna6r5nrrqj5b3pslyc520cycfa43m-source/pkgs/build-support/bintools-wrapper/setup-hook.sh' -> '/nix/store/0zmg36dmrb9v7bc7b7igmi434nhi1qp9-setup-hook.sh'
instantiated 'bootstrap-stage0-binutils-wrapper-' -> '/nix/store/dfzbqfx7hxlc7vxxw4riyzw9xcipb7zc-bootstrap-stage0-binutils-wrapper-.drv'
copied source '/nix/store/j3sna6r5nrrqj5b3pslyc520cycfa43m-source/pkgs/build-support/cc-wrapper/add-flags.sh' -> '/nix/store/x7zciwy1fy9v9yc5y5lk5iycfwglkd5d-add-flags.sh'
copied source '/nix/store/j3sna6r5nrrqj5b3pslyc520cycfa43m-source/pkgs/build-support/cc-wrapper/add-hardening.sh' -> '/nix/store/rm02bjyzb77ak024dsyg5xr5pj8ckinq-add-hardening.sh'
copied source '/nix/store/j3sna6r5nrrqj5b3pslyc520cycfa43m-source/pkgs/build-support/cc-wrapper/setup-hook.sh' -> '/nix/store/znnnjr9ym1v5am6adg4x3pl0l6zx6xqk-setup-hook.sh'
copied source '/nix/store/j3sna6r5nrrqj5b3pslyc520cycfa43m-source/pkgs/build-support/cc-wrapper/cc-wrapper.sh' -> '/nix/store/0qgixi3v9rh8z2r2kc1xkmc85wvhxzlx-cc-wrapper.sh'
instantiated 'bootstrap-stage1-gcc-wrapper-' -> '/nix/store/7cl020vw26cqa2pggqfskld33shrz00f-bootstrap-stage1-gcc-wrapper-.drv'
instantiated 'bootstrap-stage1-stdenv-linux' -> '/nix/store/786bj95lacfwkg8w6arcmi6sbv74n12g-bootstrap-stage1-stdenv-linux.drv'
instantiated 'zlib-1.3.1' -> '/nix/store/gg7gifamwahcz8778jykd94wcp9w155q-zlib-1.3.1.drv'
evaluating file '/nix/store/j3sna6r5nrrqj5b3pslyc520cycfa43m-source/pkgs/development/libraries/gettext/default.nix'
evaluating file '/nix/store/j3sna6r5nrrqj5b3pslyc520cycfa43m-source/pkgs/shells/bash/5.nix'
evaluating file '/nix/store/j3sna6r5nrrqj5b3pslyc520cycfa43m-source/pkgs/shells/bash/bash-5.3-patches.nix'
instantiated 'config.guess-948ae97' -> '/nix/store/bamwxswxacs3cjdcydv0z7bj22d7g2kc-config.guess-948ae97.drv'
instantiated 'config.sub-948ae97' -> '/nix/store/nbsdqpfzh1jlpmh95s69b3iivfcvv3lh-config.sub-948ae97.drv'
instantiated 'gnu-config-2024-01-01' -> '/nix/store/5lmrz5iw3ikyhnmz8k6gbmlc7vm9hvm5-gnu-config-2024-01-01.drv'
instantiated 'bootstrap-stage1-stdenv-linux' -> '/nix/store/ndja5g1lcbz0x3f31x6bw1c31a2w059q-bootstrap-stage1-stdenv-linux.drv'
instantiated 'update-autotools-gnu-config-scripts-hook' -> '/nix/store/77xcga7nw896640igz12f5b7r0d43qs4-update-autotools-gnu-config-scripts-hook.drv'
evaluating file '/nix/store/j3sna6r5nrrqj5b3pslyc520cycfa43m-source/pkgs/by-name/bi/bison/package.nix'
evaluating file '/nix/store/j3sna6r5nrrqj5b3pslyc520cycfa43m-source/pkgs/by-name/gn/gnum4/package.nix'
evaluating file '/nix/store/j3sna6r5nrrqj5b3pslyc520cycfa43m-source/pkgs/build-support/fetchurl/mirrors.nix'
instantiated 'm4-1.4.20.tar.bz2' -> '/nix/store/j54kvd8mlj8cl9ycvlkh5987fqvzl4p5-m4-1.4.20.tar.bz2.drv'
instantiated 'gnum4-1.4.20' -> '/nix/store/mllkzm72c32yv93j456rzv0ab1y25xym-gnum4-1.4.20.drv'
evaluating file '/nix/store/j3sna6r5nrrqj5b3pslyc520cycfa43m-source/pkgs/development/interpreters/perl/default.nix'
evaluating file '/nix/store/j3sna6r5nrrqj5b3pslyc520cycfa43m-source/pkgs/development/interpreters/perl/interpreter.nix'
evaluating file '/nix/store/j3sna6r5nrrqj5b3pslyc520cycfa43m-source/pkgs/development/libraries/libxcrypt/default.nix'
evaluating file '/nix/store/j3sna6r5nrrqj5b3pslyc520cycfa43m-source/lib/versions.nix'
copied source '/nix/store/j3sna6r5nrrqj5b3pslyc520cycfa43m-source/pkgs/development/interpreters/perl/CVE-2024-56406.patch' -> '/nix/store/1r5zv195y7b7b5q2daf5p82s2m6r4rg4-CVE-2024-56406.patch'
copied source '/nix/store/j3sna6r5nrrqj5b3pslyc520cycfa43m-source/pkgs/development/interpreters/perl/CVE-2025-40909.patch' -> '/nix/store/bk3ma1jlibc4gbkzy523qgz4gqh3817j-CVE-2025-40909.patch'
copied source '/nix/store/j3sna6r5nrrqj5b3pslyc520cycfa43m-source/pkgs/development/interpreters/perl/no-sys-dirs-5.40.0.patch' -> '/nix/store/al2qf1gbai7mz1ixbsw6idai0l2gf1v2-no-sys-dirs-5.40.0.patch'
copied source '/nix/store/j3sna6r5nrrqj5b3pslyc520cycfa43m-source/pkgs/development/interpreters/perl/fix-build-with-only-C-locale-5.40.0.patch' -> '/nix/store/2gcllnmq329byln64bfzw47kzi1bdvv5-fix-build-with-only-C-locale-5.40.0.patch'
copied source '/nix/store/j3sna6r5nrrqj5b3pslyc520cycfa43m-source/pkgs/development/interpreters/perl/setup-hook.sh' -> '/nix/store/dm81j9qdcdr4c458pqbc9wvq9ymgzk4m-setup-hook.sh'
instantiated 'perl-5.40.0.tar.gz' -> '/nix/store/z2rvjzfm2crd6hs6qfdwwq4bhk27zw9r-perl-5.40.0.tar.gz.drv'
instantiated 'perl-5.40.0' -> '/nix/store/j7dp1q16v0i5lz7ws18vwci9nflxysaz-perl-5.40.0.drv'
instantiated 'bison-3.8.2.tar.gz' -> '/nix/store/vgjfnqbxgxa8a5575bhq07nm35b2l31m-bison-3.8.2.tar.gz.drv'
instantiated 'bison-3.8.2' -> '/nix/store/f7ii81y1lj5smf55j8jc7ar0zkg36g2q-bison-3.8.2.drv'
copied source '/nix/store/j3sna6r5nrrqj5b3pslyc520cycfa43m-source/pkgs/build-support/setup-hooks/separate-debug-info.sh' -> '/nix/store/r989dk196nl9frhnfsa1lb7knhbyjxw6-separate-debug-info.sh'
instantiated 'bash53-001' -> '/nix/store/avf6vbj4jmpnn5cdsjyj2693samnvqsa-bash53-001.drv'
instantiated 'bash53-002' -> '/nix/store/ii3jsqp9rrwv0g21lwbvb94ddg8c5m7n-bash53-002.drv'
instantiated 'bash53-003' -> '/nix/store/5m6vm7vkilsgas517yf8f321k5r3g1m3-bash53-003.drv'
copied source '/nix/store/j3sna6r5nrrqj5b3pslyc520cycfa43m-source/pkgs/shells/bash/pgrp-pipe-5.patch' -> '/nix/store/yq0lz1byj4v2rym2ng23a3nj4n6pvqdj-pgrp-pipe-5.patch'
instantiated 'bash-5.3.tar.gz' -> '/nix/store/y84saga4qsmk7xrprd0qv8rgdqjk67g1-bash-5.3.tar.gz.drv'
instantiated 'bash-5.3p3' -> '/nix/store/91f2jdbv4dwpc7qzwfwnk051l62j1g5g-bash-5.3p3.drv'
copied source '/nix/store/j3sna6r5nrrqj5b3pslyc520cycfa43m-source/pkgs/development/libraries/gettext/absolute-paths.diff' -> '/nix/store/p2fp6i7hjx9af1wbwr32k217wp2dxmiw-absolute-paths.diff'
copied source '/nix/store/j3sna6r5nrrqj5b3pslyc520cycfa43m-source/pkgs/development/libraries/gettext/0001-msginit-Do-not-use-POT-Creation-Date.patch' -> '/nix/store/yqwx9yln5i68nw61mmp9gz066yz3ri99-0001-msginit-Do-not-use-POT-Creation-Date.patch'
copied source '/nix/store/j3sna6r5nrrqj5b3pslyc520cycfa43m-source/pkgs/development/libraries/gettext/memory-safety.patch' -> '/nix/store/aah2digzsx02nnm0761jimpyd9g6iihg-memory-safety.patch'
copied source '/nix/store/j3sna6r5nrrqj5b3pslyc520cycfa43m-source/pkgs/development/libraries/gettext/gettext-setup-hook.sh' -> '/nix/store/ny42y6hs4p294rvnrwbmrpwzqghw2816-gettext-setup-hook.sh'
instantiated 'gettext-0.25.1.tar.gz' -> '/nix/store/vmhss394mpk9262p6jijry11g72pwpgg-gettext-0.25.1.tar.gz.drv'
instantiated 'gettext-0.25.1' -> '/nix/store/7nqgc39yq42n8hrim9cgrjb7nw82na4i-gettext-0.25.1.drv'
evaluating file '/nix/store/j3sna6r5nrrqj5b3pslyc520cycfa43m-source/pkgs/by-name/ex/expand-response-params/package.nix'
copied source '/nix/store/j3sna6r5nrrqj5b3pslyc520cycfa43m-source/pkgs/by-name/ex/expand-response-params/expand-response-params.c' -> '/nix/store/jik02mkz72r2f6hhxnlhp6h5f0fi89gw-expand-response-params.c'
instantiated 'expand-response-params' -> '/nix/store/calj9qcwlmb6w9m9041wk5g0h11njbql-expand-response-params.drv'
instantiated 'bootstrap-stage-xgcc-gcc-wrapper-' -> '/nix/store/rxd880nfn2lzvn4kr540k7qgl1h25vaw-bootstrap-stage-xgcc-gcc-wrapper-.drv'
copied source '/nix/store/j3sna6r5nrrqj5b3pslyc520cycfa43m-source/pkgs/development/tools/misc/binutils/deterministic.patch' -> '/nix/store/sqbhaaayam0xw3a3164ks1vvbrdhl9vq-deterministic.patch'
copied source '/nix/store/j3sna6r5nrrqj5b3pslyc520cycfa43m-source/pkgs/development/tools/misc/binutils/0001-Revert-libtool.m4-fix-the-NM-nm-over-here-B-option-w.patch' -> '/nix/store/xrw086zw3xqsvy9injgil8n2qdkvkpff-0001-Revert-libtool.m4-fix-the-NM-nm-over-here-B-option-w.patch'
copied source '/nix/store/j3sna6r5nrrqj5b3pslyc520cycfa43m-source/pkgs/development/tools/misc/binutils/0001-Revert-libtool.m4-fix-nm-BSD-flag-detection.patch' -> '/nix/store/0df8rz15sp4ai6md99q5qy9lf0srji5z-0001-Revert-libtool.m4-fix-nm-BSD-flag-detection.patch'
copied source '/nix/store/j3sna6r5nrrqj5b3pslyc520cycfa43m-source/pkgs/development/tools/misc/binutils/always-search-rpath.patch' -> '/nix/store/pa83jbilxjpv5d4f62l3as4wg2fri7r7-always-search-rpath.patch'
copied source '/nix/store/j3sna6r5nrrqj5b3pslyc520cycfa43m-source/pkgs/development/tools/misc/binutils/plugins-no-BINDIR.patch' -> '/nix/store/rf3kjgy7pbvymp55hxw28dg5g937lmcv-plugins-no-BINDIR.patch'
copied source '/nix/store/j3sna6r5nrrqj5b3pslyc520cycfa43m-source/pkgs/development/tools/misc/binutils/0001-libtool.m4-update-macos-version-detection-block.patch' -> '/nix/store/awl9cirmdhg3la4fgcd9hs1fdn7ifqr0-0001-libtool.m4-update-macos-version-detection-block.patch'
copied source '/nix/store/j3sna6r5nrrqj5b3pslyc520cycfa43m-source/pkgs/development/tools/misc/binutils/avr-size.patch' -> '/nix/store/xsknmwfnbkh1m643isys7f61z93k5rp0-avr-size.patch'
copied source '/nix/store/j3sna6r5nrrqj5b3pslyc520cycfa43m-source/pkgs/development/tools/misc/binutils/windres-locate-gcc.patch' -> '/nix/store/d6jzf3bhlvbcm08m0d0fvqv1xw8s2vq7-windres-locate-gcc.patch'
instantiated 'binutils-with-gold-2.44.tar.bz2' -> '/nix/store/44sw3grr08hzn0jjg6vcdlxwpakf9jbq-binutils-with-gold-2.44.tar.bz2.drv'
instantiated 'bootstrap-stage-xgcc-stdenv-linux' -> '/nix/store/9hm1a3d2yx0b1r0kmcwz4rppjlp6zm0s-bootstrap-stage-xgcc-stdenv-linux.drv'
instantiated 'binutils-2.44' -> '/nix/store/sdm38vvbm8gaykgy6lm5a44vvg0h1jj2-binutils-2.44.drv'
instantiated 'expand-response-params' -> '/nix/store/kndg9ncl08a1j5hk3xr4qhcqb7vmghsw-expand-response-params.drv'
instantiated 'bootstrap-stage-xgcc-stdenv-linux' -> '/nix/store/7vl08wqbrly26q0plbw5kbj0c6qsfz76-bootstrap-stage-xgcc-stdenv-linux.drv'
instantiated 'binutils-wrapper-2.44' -> '/nix/store/ff83gq0laxzixm1wl6fivayi973gl4mf-binutils-wrapper-2.44.drv'
evaluating file '/nix/store/j3sna6r5nrrqj5b3pslyc520cycfa43m-source/pkgs/development/compilers/gcc/common/extra-target-flags.nix'
evaluating file '/nix/store/j3sna6r5nrrqj5b3pslyc520cycfa43m-source/pkgs/development/compilers/gcc/common/dependencies.nix'
instantiated 'gmp-6.3.0.tar.bz2' -> '/nix/store/z4x4wa4ahsc6xn40j847dsrnagxd41w0-gmp-6.3.0.tar.bz2.drv'
instantiated 'gmp-6.3.0' -> '/nix/store/dsf95sqfwlpms080hrcy4s8y880vn0nh-gmp-6.3.0.drv'
instantiated 'config.guess-948ae97' -> '/nix/store/bamwxswxacs3cjdcydv0z7bj22d7g2kc-config.guess-948ae97.drv'
instantiated 'config.sub-948ae97' -> '/nix/store/nbsdqpfzh1jlpmh95s69b3iivfcvv3lh-config.sub-948ae97.drv'
instantiated 'gnu-config-2024-01-01' -> '/nix/store/jyamfi1f4vymbggjk4as6qn40w6yz4qm-gnu-config-2024-01-01.drv'
instantiated 'update-autotools-gnu-config-scripts-hook' -> '/nix/store/n748x5cdhifsddc9jii7gccf2ir856ys-update-autotools-gnu-config-scripts-hook.drv'
instantiated 'mpfr-4.2.2.tar.xz' -> '/nix/store/ixwy12didmgk7j4z7ghlirpw46ahmhbd-mpfr-4.2.2.tar.xz.drv'
instantiated 'mpfr-4.2.2' -> '/nix/store/rdlybkfb526xjgfnnfl7ypya9aiddw4j-mpfr-4.2.2.drv'
instantiated 'mpc-1.3.1.tar.gz' -> '/nix/store/156yvnw4g1h0gv1s8p7bray6hyn43f8q-mpc-1.3.1.tar.gz.drv'
instantiated 'libmpc-1.3.1' -> '/nix/store/vvbixazwp70gwvn74c3h76wiyickf3yn-libmpc-1.3.1.drv'
instantiated 'perl-5.40.0.tar.gz' -> '/nix/store/z2rvjzfm2crd6hs6qfdwwq4bhk27zw9r-perl-5.40.0.tar.gz.drv'
instantiated 'perl-5.40.0' -> '/nix/store/j7dp1q16v0i5lz7ws18vwci9nflxysaz-perl-5.40.0.drv'
instantiated 'libxcrypt-4.4.38.tar.xz' -> '/nix/store/rc3vnisrzmh0ydp6c1sifcaad232w1fj-libxcrypt-4.4.38.tar.xz.drv'
instantiated 'libxcrypt-4.4.38' -> '/nix/store/b6s81ar633623rrdm288x43v5yc7dmyq-libxcrypt-4.4.38.drv'
instantiated 'isl-0.20.tar.xz' -> '/nix/store/qxz8v1gxrrw9j138k2ajl36vcajra8mb-isl-0.20.tar.xz.drv'
instantiated 'isl-0.20' -> '/nix/store/2q8gw941h420p9j39d4ffga1ryy485r1-isl-0.20.drv'
evaluating file '/nix/store/j3sna6r5nrrqj5b3pslyc520cycfa43m-source/pkgs/development/compilers/gcc/common/configure-flags.nix'
evaluating file '/nix/store/j3sna6r5nrrqj5b3pslyc520cycfa43m-source/pkgs/development/compilers/gcc/common/platform-flags.nix'
copied source '/nix/store/j3sna6r5nrrqj5b3pslyc520cycfa43m-source/pkgs/development/tools/misc/patchelf/setup-hook.sh' -> '/nix/store/v7ihfx32zv7bdha6i9dd6a3r0knzs8j3-setup-hook.sh'
instantiated 'patchelf-0.15.2.tar.bz2' -> '/nix/store/0i89ydplmfyhw5rykihdpcr1ndki1bp3-patchelf-0.15.2.tar.bz2.drv'
instantiated 'patchelf-0.15.2' -> '/nix/store/204dx1cv3m0j0qqj58zasynic71gddh5-patchelf-0.15.2.drv'
evaluating file '/nix/store/j3sna6r5nrrqj5b3pslyc520cycfa43m-source/pkgs/development/tools/misc/texinfo/packages.nix'
evaluating file '/nix/store/j3sna6r5nrrqj5b3pslyc520cycfa43m-source/pkgs/development/tools/misc/texinfo/common.nix'
instantiated 'texinfo-7.2.tar.xz' -> '/nix/store/896vsnl7w7rhd17b65j8sp3g4kc0zh35-texinfo-7.2.tar.xz.drv'
instantiated 'texinfo-7.2' -> '/nix/store/cbicfandlrw2ciakxbfrd4qbpbagpjs5-texinfo-7.2.drv'
evaluating file '/nix/store/j3sna6r5nrrqj5b3pslyc520cycfa43m-source/pkgs/by-name/wh/which/package.nix'
instantiated 'which-2.23.tar.gz' -> '/nix/store/g39zbiv8d8qbgzkqk2s03zdfc39b1j4a-which-2.23.tar.gz.drv'
instantiated 'which-2.23' -> '/nix/store/q22hx4iw71dmlyggvcqw8yqlxgblhm3v-which-2.23.drv'
evaluating file '/nix/store/j3sna6r5nrrqj5b3pslyc520cycfa43m-source/pkgs/development/compilers/gcc/patches/default.nix'
copied source '/nix/store/j3sna6r5nrrqj5b3pslyc520cycfa43m-source/pkgs/development/compilers/gcc/patches/gcc-12-no-sys-dirs.patch' -> '/nix/store/9577hmdlmhki67cg8ar85cvidyg7xr7p-gcc-12-no-sys-dirs.patch'
copied source '/nix/store/j3sna6r5nrrqj5b3pslyc520cycfa43m-source/pkgs/development/compilers/gcc/patches/13/no-sys-dirs-riscv.patch' -> '/nix/store/7x6bimj6ipi6ag859gi2fc6by87x37j7-no-sys-dirs-riscv.patch'
copied source '/nix/store/j3sna6r5nrrqj5b3pslyc520cycfa43m-source/pkgs/development/compilers/gcc/patches/13/mangle-NIX_STORE-in-__FILE__.patch' -> '/nix/store/xpplvxiwb4li2qd5nvhyd2mngrpna0ya-mangle-NIX_STORE-in-__FILE__.patch'
copied source '/nix/store/j3sna6r5nrrqj5b3pslyc520cycfa43m-source/pkgs/development/compilers/gcc/patches/ppc-musl.patch' -> '/nix/store/632b0y5mkcdwbsw2g3xh5qznw2vv5axr-ppc-musl.patch'
copied source '/nix/store/j3sna6r5nrrqj5b3pslyc520cycfa43m-source/pkgs/development/compilers/gcc/patches/cfi_startproc-reorder-label-14-1.diff' -> '/nix/store/3cj8qm3xjz1g5f7qnnxlc95i9imkicbk-cfi_startproc-reorder-label-14-1.diff'
instantiated 'bash53-001' -> '/nix/store/avf6vbj4jmpnn5cdsjyj2693samnvqsa-bash53-001.drv'
instantiated 'bash53-002' -> '/nix/store/ii3jsqp9rrwv0g21lwbvb94ddg8c5m7n-bash53-002.drv'
instantiated 'bash53-003' -> '/nix/store/5m6vm7vkilsgas517yf8f321k5r3g1m3-bash53-003.drv'
instantiated 'bash-5.3.tar.gz' -> '/nix/store/y84saga4qsmk7xrprd0qv8rgdqjk67g1-bash-5.3.tar.gz.drv'
instantiated 'bash-5.3p3' -> '/nix/store/s1csmgwkf42kawql9gqalq2x79ilw8xk-bash-5.3p3.drv'
evaluating file '/nix/store/j3sna6r5nrrqj5b3pslyc520cycfa43m-source/pkgs/build-support/nuke-references/default.nix'
copied source '/nix/store/j3sna6r5nrrqj5b3pslyc520cycfa43m-source/pkgs/build-support/nuke-references/nuke-refs.sh' -> '/nix/store/jwwf1w5mf6733p9mgsibvqs0pckbsc5k-nuke-refs.sh'
instantiated 'nuke-references' -> '/nix/store/ghhhncxfyjz68fk6i6lyax44yf2h2mx7-nuke-references.drv'
evaluating file '/nix/store/j3sna6r5nrrqj5b3pslyc520cycfa43m-source/pkgs/development/compilers/gcc/common/pre-configure.nix'
evaluating file '/nix/store/j3sna6r5nrrqj5b3pslyc520cycfa43m-source/pkgs/development/compilers/gcc/common/strip-attributes.nix'
instantiated 'gcc-14.3.0.tar.xz' -> '/nix/store/xnqgvd0v3sq1x2w8ydyp10vmxb0412l1-gcc-14.3.0.tar.xz.drv'
instantiated 'xgcc-14.3.0' -> '/nix/store/pklpwgwf6bhds40jvw1vdfdwwv6861y3-xgcc-14.3.0.drv'
instantiated 'bootstrap-stage2-gcc-wrapper-14.3.0' -> '/nix/store/akl9qj4dpwaddnpz6r1x4h00mrs1v6q6-bootstrap-stage2-gcc-wrapper-14.3.0.drv'
copied source '/nix/store/j3sna6r5nrrqj5b3pslyc520cycfa43m-source/pkgs/os-specific/linux/kernel-headers/no-relocs.patch' -> '/nix/store/69lyjyca86317hdsc1rwf3ahn7s5kiyn-no-relocs.patch'
instantiated 'linux-6.16.tar.xz' -> '/nix/store/awmdz2lkxkdqnhdhk09zy9w7kzpl8jhc-linux-6.16.tar.xz.drv'
instantiated 'bootstrap-stage2-stdenv-linux' -> '/nix/store/l170mbp4fhl6pa64x9pr4wmzni7d2aak-bootstrap-stage2-stdenv-linux.drv'
instantiated 'linux-headers-6.16' -> '/nix/store/rr8mv0j1jcklmrvir7hph51qi328kwp1-linux-headers-6.16.drv'
evaluating file '/nix/store/j3sna6r5nrrqj5b3pslyc520cycfa43m-source/pkgs/development/interpreters/python/default.nix'
evaluating file '/nix/store/j3sna6r5nrrqj5b3pslyc520cycfa43m-source/pkgs/development/interpreters/python/cpython/default.nix'
evaluating file '/nix/store/j3sna6r5nrrqj5b3pslyc520cycfa43m-source/pkgs/development/interpreters/python/passthrufun.nix'
instantiated 'bootstrap-stage2-stdenv-linux' -> '/nix/store/7hqay6h7sm78x8x6iia3qz679l8caqng-bootstrap-stage2-stdenv-linux.drv'
instantiated 'config.guess-948ae97' -> '/nix/store/bamwxswxacs3cjdcydv0z7bj22d7g2kc-config.guess-948ae97.drv'
instantiated 'config.sub-948ae97' -> '/nix/store/nbsdqpfzh1jlpmh95s69b3iivfcvv3lh-config.sub-948ae97.drv'
instantiated 'gnu-config-2024-01-01' -> '/nix/store/dwbpqdklmds825hyy1cz5kbxzna3a3i6-gnu-config-2024-01-01.drv'
instantiated 'update-autotools-gnu-config-scripts-hook' -> '/nix/store/l262hz4psvjyh2n5l30j0f1il35p0zqg-update-autotools-gnu-config-scripts-hook.drv'
instantiated 'bash53-001' -> '/nix/store/avf6vbj4jmpnn5cdsjyj2693samnvqsa-bash53-001.drv'
instantiated 'bash53-002' -> '/nix/store/ii3jsqp9rrwv0g21lwbvb94ddg8c5m7n-bash53-002.drv'
instantiated 'bash53-003' -> '/nix/store/5m6vm7vkilsgas517yf8f321k5r3g1m3-bash53-003.drv'
instantiated 'bash-5.3.tar.gz' -> '/nix/store/y84saga4qsmk7xrprd0qv8rgdqjk67g1-bash-5.3.tar.gz.drv'
instantiated 'bash-5.3p3' -> '/nix/store/lm3319y5h8rhj8aph0icmf75wy0n3b8j-bash-5.3p3.drv'
instantiated 'nuke-references' -> '/nix/store/kb075yc2jkxmklpd016rf25rimmm7p84-nuke-references.drv'
copied source '/nix/store/j3sna6r5nrrqj5b3pslyc520cycfa43m-source/pkgs/development/interpreters/python/cpython/3.13/no-ldconfig.patch' -> '/nix/store/s5myj3ybdn7wrsfpydj48mm24vnvw6bc-no-ldconfig.patch'
copied source '/nix/store/j3sna6r5nrrqj5b3pslyc520cycfa43m-source/pkgs/development/interpreters/python/cpython/3.13/virtualenv-permissions.patch' -> '/nix/store/73bwxvdmw63kgb1x27nqr7hh227nz04g-virtualenv-permissions.patch'
evaluating file '/nix/store/j3sna6r5nrrqj5b3pslyc520cycfa43m-source/pkgs/development/interpreters/python/setup-hook.nix'
copied source '/nix/store/j3sna6r5nrrqj5b3pslyc520cycfa43m-source/pkgs/development/interpreters/python/setup-hook.sh' -> '/nix/store/zi0m9pfmvy5lw89x7a8x674rm99i8qiq-setup-hook.sh'
instantiated 'python-setup-hook.sh' -> '/nix/store/c5z8by9ldp5fg7yxcf8d00b83vfbg21r-python-setup-hook.sh.drv'
instantiated 'Python-3.13.7.tar.xz' -> '/nix/store/giy42bjgsdcvzyz9svxcvxxf9zgjbk1z-Python-3.13.7.tar.xz.drv'
instantiated 'python3-minimal-3.13.7' -> '/nix/store/xvqp21d3a5rvln4c3p5mb4rpgpjf3886-python3-minimal-3.13.7.drv'
copied source '/nix/store/j3sna6r5nrrqj5b3pslyc520cycfa43m-source/pkgs/development/libraries/glibc/2.40-master.patch' -> '/nix/store/2wlbvj13lm5rln4i71b3972lcfd91hzs-2.40-master.patch'
copied source '/nix/store/j3sna6r5nrrqj5b3pslyc520cycfa43m-source/pkgs/development/libraries/glibc/nix-locale-archive.patch' -> '/nix/store/nc5hqqizlj7042vvhvx121kzf4nwh35p-nix-locale-archive.patch'
copied source '/nix/store/j3sna6r5nrrqj5b3pslyc520cycfa43m-source/pkgs/development/libraries/glibc/dont-use-system-ld-so-cache.patch' -> '/nix/store/b1w7zbvm39ff1i52iyjggyvw2rdxz104-dont-use-system-ld-so-cache.patch'
copied source '/nix/store/j3sna6r5nrrqj5b3pslyc520cycfa43m-source/pkgs/development/libraries/glibc/dont-use-system-ld-so-preload.patch' -> '/nix/store/mnglr8rr7nl444h7p50ysyq8qd0fm1lm-dont-use-system-ld-so-preload.patch'
copied source '/nix/store/j3sna6r5nrrqj5b3pslyc520cycfa43m-source/pkgs/development/libraries/glibc/fix_path_attribute_in_getconf.patch' -> '/nix/store/za0pg7fmysrcwrqcal26fnmzw6vycgdn-fix_path_attribute_in_getconf.patch'
copied source '/nix/store/j3sna6r5nrrqj5b3pslyc520cycfa43m-source/pkgs/development/libraries/glibc/fix-x64-abi.patch' -> '/nix/store/7kw224hdyxd7115lrqh9a4dv2x8msq2s-fix-x64-abi.patch'
copied source '/nix/store/j3sna6r5nrrqj5b3pslyc520cycfa43m-source/pkgs/development/libraries/glibc/nix-nss-open-files.patch' -> '/nix/store/001gp43bjqzx60cg345n2slzg7131za8-nix-nss-open-files.patch'
copied source '/nix/store/j3sna6r5nrrqj5b3pslyc520cycfa43m-source/pkgs/development/libraries/glibc/0001-Revert-Remove-all-usage-of-BASH-or-BASH-in-installed.patch' -> '/nix/store/pcpx2ayccijipfl32zchx0mg7rzvj6zx-0001-Revert-Remove-all-usage-of-BASH-or-BASH-in-installed.patch'
copied source '/nix/store/j3sna6r5nrrqj5b3pslyc520cycfa43m-source/pkgs/development/libraries/glibc/reenable_DT_HASH.patch' -> '/nix/store/sj0qllprnrmk1cqnnk57vvn2cqgjynbx-reenable_DT_HASH.patch'
copied source '/nix/store/j3sna6r5nrrqj5b3pslyc520cycfa43m-source/pkgs/development/libraries/glibc/0001-aarch64-math-vector.h-add-NVCC-include-guard.patch' -> '/nix/store/vp21khxmr8hsq2iar8qqhr0bvxmwpmvp-0001-aarch64-math-vector.h-add-NVCC-include-guard.patch'
evaluating file '/nix/store/j3sna6r5nrrqj5b3pslyc520cycfa43m-source/pkgs/development/libraries/libidn2/default.nix'
evaluating file '/nix/store/j3sna6r5nrrqj5b3pslyc520cycfa43m-source/pkgs/development/libraries/libunistring/default.nix'
instantiated 'bootstrap-stage0-glibc-iconv-bootstrapFiles' -> '/nix/store/dqqwlmb2681wikjaqk1x5srdgs71srzh-bootstrap-stage0-glibc-iconv-bootstrapFiles.drv'
instantiated 'libunistring-1.3.tar.gz' -> '/nix/store/rnpc4cjz42m8axyq6sa883i2h8dy6887-libunistring-1.3.tar.gz.drv'
instantiated 'libunistring-1.3' -> '/nix/store/i018b208n1rdaayqxb7kbz9dnlz3i2z3-libunistring-1.3.drv'
instantiated 'libidn2-2.3.8.tar.gz' -> '/nix/store/3xs5n9hmbbmc5qis9zzs764ilbjk0v72-libidn2-2.3.8.tar.gz.drv'
instantiated 'libidn2-2.3.8' -> '/nix/store/27cidlwwq6d3j06dbkpzzaizb909amlr-libidn2-2.3.8.drv'
instantiated 'glibc-2.40.tar.xz' -> '/nix/store/5fia0s7sl13hsqbhcmgmjpq84i0rqczs-glibc-2.40.tar.xz.drv'
instantiated 'glibc-2.40-66' -> '/nix/store/16j7irwfq8alyr69h4v8q28kfc756lll-glibc-2.40-66.drv'
evaluating file '/nix/store/j3sna6r5nrrqj5b3pslyc520cycfa43m-source/pkgs/tools/misc/coreutils/default.nix'
evaluating file '/nix/store/j3sna6r5nrrqj5b3pslyc520cycfa43m-source/pkgs/development/libraries/acl/default.nix'
evaluating file '/nix/store/j3sna6r5nrrqj5b3pslyc520cycfa43m-source/pkgs/development/libraries/attr/default.nix'
evaluating file '/nix/store/j3sna6r5nrrqj5b3pslyc520cycfa43m-source/pkgs/tools/text/gnugrep/default.nix'
evaluating file '/nix/store/4smn1jkffy3v5przl7yc2yj4zvd5dm3d-source/overlay/make-package-set/user-facing.nix'
evaluating file '/nix/store/4smn1jkffy3v5przl7yc2yj4zvd5dm3d-source/overlay/make-package-set/internal.nix'
evaluating file '/nix/store/4smn1jkffy3v5przl7yc2yj4zvd5dm3d-source/Cargo.nix'
error:
       … while calling a functor (an attribute set with a '__functor' attribute)

         at /nix/store/4smn1jkffy3v5przl7yc2yj4zvd5dm3d-source/flake.nix:80:20:

           79|         #     If you are already passing a target spec file to `target`, this will be filled in for you automatically.
           80|         rustPkgs = pkgs.rustBuilder.makePackageSet {
             |                    ^
           81|           packageFun = import ./Cargo.nix;

       … while calling a functor (an attribute set with a '__functor' attribute)

         at /nix/store/4smn1jkffy3v5przl7yc2yj4zvd5dm3d-source/overlay/make-package-set/user-facing.nix:123:4:

          122| # target.
          123| in rustBuilder.makePackageSetInternal (extraArgs // {
             |    ^
          124|   inherit packageFun ignoreLockHash workspaceSrc target targetInfo cargoConfig;

       (stack trace truncated; use '--show-trace' to show the full trace)

       error: syntax error, unexpected end of file

       at /nix/store/4smn1jkffy3v5przl7yc2yj4zvd5dm3d-source/Cargo.nix:1:1:

            1|
             | ^
